I'm sorry, but errors were detected in your script. Please correct the
errors listed below, and try again.


File "game/script.rpy", line 208: expected '=' not found.
    image hanekobraceletcg
                          ^

Ren'Py Version: Ren'Py 8.0.3.22090809
Thu Jan 26 18:13:58 2023
